../Core/Src/MqttKit.c:55:6:MQTT_NewBuffer	24	static
../Core/Src/MqttKit.c:101:6:MQTT_DeleteBuffer	16	static
../Core/Src/MqttKit.c:114:7:MQTT_DumpLength	24	static
../Core/Src/MqttKit.c:137:7:MQTT_ReadLength	40	static
../Core/Src/MqttKit.c:176:7:MQTT_UnPacketRecv	32	static
../Core/Src/MqttKit.c:230:7:MQTT_PacketConnect	48	static
../Core/Src/MqttKit.c:403:7:MQTT_PacketDisConnect	16	static
../Core/Src/MqttKit.c:433:7:MQTT_UnPacketConnectAck	16	static
../Core/Src/MqttKit.c:461:7:MQTT_PacketSaveData	48	static
../Core/Src/MqttKit.c:492:7:MQTT_PacketSaveBinData	64	static
../Core/Src/MqttKit.c:553:7:MQTT_UnPacketCmd	32	static
../Core/Src/MqttKit.c:602:7:MQTT_PacketCmdResp	56	static
../Core/Src/MqttKit.c:643:7:MQTT_PacketSubscribe	40	static
../Core/Src/MqttKit.c:719:7:MQTT_UnPacketSubscribe	24	static
../Core/Src/MqttKit.c:766:7:MQTT_PacketUnSubscribe	48	static
../Core/Src/MqttKit.c:840:7:MQTT_UnPacketUnSubscribe	24	static
../Core/Src/MqttKit.c:872:7:MQTT_PacketPublish	56	static
../Core/Src/MqttKit.c:1033:7:MQTT_UnPacketPublish	40	static
../Core/Src/MqttKit.c:1136:7:MQTT_PacketPublishAck	24	static
../Core/Src/MqttKit.c:1172:7:MQTT_UnPacketPublishAck	16	static
../Core/Src/MqttKit.c:1197:7:MQTT_PacketPublishRec	24	static
../Core/Src/MqttKit.c:1233:7:MQTT_UnPacketPublishRec	16	static
../Core/Src/MqttKit.c:1258:7:MQTT_PacketPublishRel	24	static
../Core/Src/MqttKit.c:1294:7:MQTT_UnPacketPublishRel	16	static
../Core/Src/MqttKit.c:1319:7:MQTT_PacketPublishComp	24	static
../Core/Src/MqttKit.c:1355:7:MQTT_UnPacketPublishComp	16	static
../Core/Src/MqttKit.c:1379:7:MQTT_PacketPing	16	static
